This is pdfTeX, Version 3.141592653-2.6-1.40.26 (MiKTeX 24.4) (preloaded format=pdflatex 2025.3.5)  22 MAR 2026 12:04
entering extended mode
 restricted \write18 enabled.
 %&-line parsing enabled.
**./wyciag.tex
(wyciag.tex
LaTeX2e <2024-06-01> patch level 2
L3 programming layer <2024-08-30>
(C:\Users\Admin\AppData\Local\Programs\MiKTeX\tex/latex/base\article.cls
Document Class: article 2024/02/08 v1.4n Standard LaTeX document class
(C:\Users\Admin\AppData\Local\Programs\MiKTeX\tex/latex/base\size11.clo
File: size11.clo 2024/02/08 v1.4n Standard LaTeX file (size option)
)
\c@part=\count194
\c@section=\count195
\c@subsection=\count196
\c@subsubsection=\count197
\c@paragraph=\count198
\c@subparagraph=\count199
\c@figure=\count266
\c@table=\count267
\abovecaptionskip=\skip49
\belowcaptionskip=\skip50
\bibindent=\dimen141
)
(C:\Users\Admin\AppData\Local\Programs\MiKTeX\tex/latex/geometry\geometry.sty
Package: geometry 2020/01/02 v5.9 Page Geometry

(C:\Users\Admin\AppData\Local\Programs\MiKTeX\tex/latex/graphics\keyval.sty
Package: keyval 2022/05/29 v1.15 key=value parser (DPC)
\KV@toks@=\toks17
)
(C:\Users\Admin\AppData\Local\Programs\MiKTeX\tex/generic/iftex\ifvtex.sty
Package: ifvtex 2019/10/25 v1.7 ifvtex legacy package. Use iftex instead.

(C:\Users\Admin\AppData\Local\Programs\MiKTeX\tex/generic/iftex\iftex.sty
Package: iftex 2022/02/03 v1.0f TeX engine tests
))
\Gm@cnth=\count268
\Gm@cntv=\count269
\c@Gm@tempcnt=\count270
\Gm@bindingoffset=\dimen142
\Gm@wd@mp=\dimen143
\Gm@odd@mp=\dimen144
\Gm@even@mp=\dimen145
\Gm@layoutwidth=\dimen146
\Gm@layoutheight=\dimen147
\Gm@layouthoffset=\dimen148
\Gm@layoutvoffset=\dimen149
\Gm@dimlist=\toks18

(C:\Users\Admin\AppData\Local\Programs\MiKTeX\tex/latex/geometry\geometry.cfg))
(C:\Users\Admin\AppData\Local\Programs\MiKTeX\tex/latex/pdfpages\pdfpages.sty
Package: pdfpages 2025/01/30 v0.6e Insert pages of external PDF documents (AM)

(C:\Users\Admin\AppData\Local\Programs\MiKTeX\tex/latex/base\ifthen.sty
Package: ifthen 2024/03/16 v1.1e Standard LaTeX ifthen package (DPC)
)
(C:\Users\Admin\AppData\Local\Programs\MiKTeX\tex/latex/tools\calc.sty
Package: calc 2023/07/08 v4.3 Infix arithmetic (KKT,FJ)
\calc@Acount=\count271
\calc@Bcount=\count272
\calc@Adimen=\dimen150
\calc@Bdimen=\dimen151
\calc@Askip=\skip51
\calc@Bskip=\skip52
LaTeX Info: Redefining \setlength on input line 80.
LaTeX Info: Redefining \addtolength on input line 81.
\calc@Ccount=\count273
\calc@Cskip=\skip53
)
(C:\Users\Admin\AppData\Local\Programs\MiKTeX\tex/latex/eso-pic\eso-pic.sty
Package: eso-pic 2023/05/03 v3.0c eso-pic (RN)
\ESO@tempdima=\dimen152
\ESO@tempdimb=\dimen153

(C:\Users\Admin\AppData\Local\Programs\MiKTeX\tex/latex/xcolor\xcolor.sty
Package: xcolor 2023/11/15 v3.01 LaTeX color extensions (UK)

(C:\Users\Admin\AppData\Local\Programs\MiKTeX\tex/latex/graphics-cfg\color.cfg
File: color.cfg 2016/01/02 v1.6 sample color configuration
)
Package xcolor Info: Driver file: pdftex.def on input line 274.

(C:\Users\Admin\AppData\Local\Programs\MiKTeX\tex/latex/graphics-def\pdftex.def
File: pdftex.def 2024/04/13 v1.2c Graphics/color driver for pdftex
)
(C:\Users\Admin\AppData\Local\Programs\MiKTeX\tex/latex/graphics\mathcolor.ltx)
Package xcolor Info: Model `cmy' substituted by `cmy0' on input line 1350.
Package xcolor Info: Model `hsb' substituted by `rgb' on input line 1354.
Package xcolor Info: Model `RGB' extended on input line 1366.
Package xcolor Info: Model `HTML' substituted by `rgb' on input line 1368.
Package xcolor Info: Model `Hsb' substituted by `hsb' on input line 1369.
Package xcolor Info: Model `tHsb' substituted by `hsb' on input line 1370.
Package xcolor Info: Model `HSB' substituted by `hsb' on input line 1371.
Package xcolor Info: Model `Gray' substituted by `gray' on input line 1372.
Package xcolor Info: Model `wave' substituted by `hsb' on input line 1373.
))
(C:\Users\Admin\AppData\Local\Programs\MiKTeX\tex/latex/etoolbox\etoolbox.sty
Package: etoolbox 2020/10/05 v2.5k e-TeX tools for LaTeX (JAW)
\etb@tempcnta=\count274
)
(C:\Users\Admin\AppData\Local\Programs\MiKTeX\tex/latex/graphics\graphicx.sty
Package: graphicx 2021/09/16 v1.2d Enhanced LaTeX Graphics (DPC,SPQR)

(C:\Users\Admin\AppData\Local\Programs\MiKTeX\tex/latex/graphics\graphics.sty
Package: graphics 2024/05/23 v1.4g Standard LaTeX Graphics (DPC,SPQR)

(C:\Users\Admin\AppData\Local\Programs\MiKTeX\tex/latex/graphics\trig.sty
Package: trig 2023/12/02 v1.11 sin cos tan (DPC)
)
(C:\Users\Admin\AppData\Local\Programs\MiKTeX\tex/latex/graphics-cfg\graphics.c
fg
File: graphics.cfg 2016/06/04 v1.11 sample graphics configuration
)
Package graphics Info: Driver file: pdftex.def on input line 106.
)
\Gin@req@height=\dimen154
\Gin@req@width=\dimen155
)
\AM@pagewidth=\dimen156
\AM@pageheight=\dimen157
\AM@fboxrule=\dimen158

(C:\Users\Admin\AppData\Local\Programs\MiKTeX\tex/latex/pdfpages\pppdftex.def
File: pppdftex.def 2025/01/30 v0.6e Pdfpages driver for pdfTeX (AM)
)
\pdfpages@includegraphics@status=\count275
\AM@pagebox=\box52
\AM@global@opts=\toks19
\AM@pagecnt=\count276
\AM@toc@title=\toks20
\AM@lof@heading=\toks21
\c@AM@survey=\count277
\AM@templatesizebox=\box53
)
(C:\Users\Admin\AppData\Local\Programs\MiKTeX\tex/latex/l3backend\l3backend-pdf
tex.def
File: l3backend-pdftex.def 2024-05-08 L3 backend support: PDF output (pdfTeX)
\l__color_backend_stack_int=\count278
\l__pdf_internal_box=\box54
) (wyciag.aux)
\openout1 = `wyciag.aux'.

LaTeX Font Info:    Checking defaults for OML/cmm/m/it on input line 13.
LaTeX Font Info:    ... okay on input line 13.
LaTeX Font Info:    Checking defaults for OMS/cmsy/m/n on input line 13.
LaTeX Font Info:    ... okay on input line 13.
LaTeX Font Info:    Checking defaults for OT1/cmr/m/n on input line 13.
LaTeX Font Info:    ... okay on input line 13.
LaTeX Font Info:    Checking defaults for T1/cmr/m/n on input line 13.
LaTeX Font Info:    ... okay on input line 13.
LaTeX Font Info:    Checking defaults for TS1/cmr/m/n on input line 13.
LaTeX Font Info:    ... okay on input line 13.
LaTeX Font Info:    Checking defaults for OMX/cmex/m/n on input line 13.
LaTeX Font Info:    ... okay on input line 13.
LaTeX Font Info:    Checking defaults for U/cmr/m/n on input line 13.
LaTeX Font Info:    ... okay on input line 13.

*geometry* driver: auto-detecting
*geometry* detected driver: pdftex
*geometry* verbose mode - [ preamble ] result:
* driver: pdftex
* paper: a4paper
* layout: <same size as paper>
* layoutoffset:(h,v)=(0.0pt,0.0pt)
* modes: includehead includefoot 
* h-part:(L,W,R)=(62.59605pt, 472.31577pt, 62.59605pt)
* v-part:(T,H,B)=(51.21495pt, 742.61694pt, 51.21495pt)
* \paperwidth=597.50787pt
* \paperheight=845.04684pt
* \textwidth=472.31577pt
* \textheight=675.61694pt
* \oddsidemargin=-9.67393pt
* \evensidemargin=-9.67393pt
* \topmargin=-21.05504pt
* \headheight=12.0pt
* \headsep=25.0pt
* \topskip=11.0pt
* \footskip=30.0pt
* \marginparwidth=59.0pt
* \marginparsep=10.0pt
* \columnsep=10.0pt
* \skip\footins=10.0pt plus 4.0pt minus 2.0pt
* \hoffset=0.0pt
* \voffset=0.0pt
* \mag=1000
* \@twocolumnfalse
* \@twosidefalse
* \@mparswitchfalse
* \@reversemarginfalse
* (1in=72.27pt=25.4mm, 1cm=28.453pt)


(C:\Users\Admin\AppData\Local\Programs\MiKTeX\tex/context/base/mkii\supp-pdf.mk
ii
[Loading MPS to PDF converter (version 2006.09.02).]
\scratchcounter=\count279
\scratchdimen=\dimen159
\scratchbox=\box55
\nofMPsegments=\count280
\nofMParguments=\count281
\everyMPshowfont=\toks22
\MPscratchCnt=\count282
\MPscratchDim=\dimen160
\MPnumerator=\count283
\makeMPintoPDFobject=\count284
\everyMPtoPDFconversion=\toks23
)
(C:\Users\Admin\AppData\Local\Programs\MiKTeX\tex/latex/epstopdf-pkg\epstopdf-b
ase.sty
Package: epstopdf-base 2020-01-24 v2.11 Base part for package epstopdf
Package epstopdf-base Info: Redefining graphics rule for `.eps' on input line 4
85.

(C:\Users\Admin\AppData\Local\Programs\MiKTeX\tex/latex/00miktex\epstopdf-sys.c
fg
File: epstopdf-sys.cfg 2021/03/18 v2.0 Configuration of epstopdf for MiKTeX
))
(C:\Users\Admin\AppData\Local\Programs\MiKTeX\tex/latex/pdflscape\pdflscape.sty
Package: pdflscape 2022-10-27 v0.13 Display of landscape pages in PDF

(C:\Users\Admin\AppData\Local\Programs\MiKTeX\tex/latex/pdflscape\pdflscape-nom
etadata.sty
Package: pdflscape-nometadata 2022-10-28 v0.13 Display of landscape pages in PD
F (HO)

(C:\Users\Admin\AppData\Local\Programs\MiKTeX\tex/latex/graphics\lscape.sty
Package: lscape 2020/05/28 v3.02 Landscape Pages (DPC)
)
Package pdflscape Info: Auto-detected driver: pdftex on input line 81.
))
<_book/Copywriting-360°.pdf, id=1, 597.51233pt x 845.0471pt>
File: _book/Copywriting-360°.pdf Graphic file (type pdf)
<use _book/Copywriting-360°.pdf>
Package pdftex.def Info: _book/Copywriting-360°.pdf  used on input line 14.
(pdftex.def)             Requested size: 597.51086pt x 845.04504pt.
<_book/Copywriting-360°.pdf, id=3, page=1, 597.51233pt x 845.0471pt>
File: _book/Copywriting-360°.pdf Graphic file (type pdf)
<use _book/Copywriting-360°.pdf, page 1>
Package pdftex.def Info: _book/Copywriting-360°.pdf , page1 used on input line
 14.
(pdftex.def)             Requested size: 597.51086pt x 845.04504pt.
File: _book/Copywriting-360°.pdf Graphic file (type pdf)
<use _book/Copywriting-360°.pdf, page 1>
Package pdftex.def Info: _book/Copywriting-360°.pdf , page1 used on input line
 14.
(pdftex.def)             Requested size: 597.51086pt x 845.04504pt.
File: _book/Copywriting-360°.pdf Graphic file (type pdf)
<use _book/Copywriting-360°.pdf, page 1>
Package pdftex.def Info: _book/Copywriting-360°.pdf , page1 used on input line
 14.
(pdftex.def)             Requested size: 597.51086pt x 845.04504pt.


File: _book/Copywriting-360°.pdf Graphic file (type pdf)
<use _book/Copywriting-360°.pdf, page 1>
Package pdftex.def Info: _book/Copywriting-360°.pdf , page1 used on input line
 14.
(pdftex.def)             Requested size: 597.51086pt x 845.04504pt.
[1


 <./_book/Copywriting-360°.pdf>]
<_book/Copywriting-360°.pdf, id=26, page=2, 597.51233pt x 845.0471pt>
File: _book/Copywriting-360°.pdf Graphic file (type pdf)
<use _book/Copywriting-360°.pdf, page 2>
Package pdftex.def Info: _book/Copywriting-360°.pdf , page2 used on input line
 14.
(pdftex.def)             Requested size: 597.51086pt x 845.04504pt.
File: _book/Copywriting-360°.pdf Graphic file (type pdf)
<use _book/Copywriting-360°.pdf, page 2>
Package pdftex.def Info: _book/Copywriting-360°.pdf , page2 used on input line
 14.
(pdftex.def)             Requested size: 597.51086pt x 845.04504pt.


File: _book/Copywriting-360°.pdf Graphic file (type pdf)
<use _book/Copywriting-360°.pdf, page 2>
Package pdftex.def Info: _book/Copywriting-360°.pdf , page2 used on input line
 14.
(pdftex.def)             Requested size: 597.51086pt x 845.04504pt.
[2

 <./_book/Copywriting-360°.pdf>]
<_book/Copywriting-360°.pdf, id=30, page=3, 597.51233pt x 845.0471pt>
File: _book/Copywriting-360°.pdf Graphic file (type pdf)
<use _book/Copywriting-360°.pdf, page 3>
Package pdftex.def Info: _book/Copywriting-360°.pdf , page3 used on input line
 14.
(pdftex.def)             Requested size: 597.51086pt x 845.04504pt.
File: _book/Copywriting-360°.pdf Graphic file (type pdf)
<use _book/Copywriting-360°.pdf, page 3>
Package pdftex.def Info: _book/Copywriting-360°.pdf , page3 used on input line
 14.
(pdftex.def)             Requested size: 597.51086pt x 845.04504pt.


File: _book/Copywriting-360°.pdf Graphic file (type pdf)
<use _book/Copywriting-360°.pdf, page 3>
Package pdftex.def Info: _book/Copywriting-360°.pdf , page3 used on input line
 14.
(pdftex.def)             Requested size: 597.51086pt x 845.04504pt.
[3

 <./_book/Copywriting-360°.pdf>]
<_book/Copywriting-360°.pdf, id=48, page=4, 597.51233pt x 845.0471pt>
File: _book/Copywriting-360°.pdf Graphic file (type pdf)
<use _book/Copywriting-360°.pdf, page 4>
Package pdftex.def Info: _book/Copywriting-360°.pdf , page4 used on input line
 14.
(pdftex.def)             Requested size: 597.51086pt x 845.04504pt.
File: _book/Copywriting-360°.pdf Graphic file (type pdf)
<use _book/Copywriting-360°.pdf, page 4>
Package pdftex.def Info: _book/Copywriting-360°.pdf , page4 used on input line
 14.
(pdftex.def)             Requested size: 597.51086pt x 845.04504pt.


File: _book/Copywriting-360°.pdf Graphic file (type pdf)
<use _book/Copywriting-360°.pdf, page 4>
Package pdftex.def Info: _book/Copywriting-360°.pdf , page4 used on input line
 14.
(pdftex.def)             Requested size: 597.51086pt x 845.04504pt.
[4

 <./_book/Copywriting-360°.pdf>]
<_book/Copywriting-360°.pdf, id=52, page=5, 597.51233pt x 845.0471pt>
File: _book/Copywriting-360°.pdf Graphic file (type pdf)
<use _book/Copywriting-360°.pdf, page 5>
Package pdftex.def Info: _book/Copywriting-360°.pdf , page5 used on input line
 14.
(pdftex.def)             Requested size: 597.51086pt x 845.04504pt.
File: _book/Copywriting-360°.pdf Graphic file (type pdf)
<use _book/Copywriting-360°.pdf, page 5>
Package pdftex.def Info: _book/Copywriting-360°.pdf , page5 used on input line
 14.
(pdftex.def)             Requested size: 597.51086pt x 845.04504pt.


File: _book/Copywriting-360°.pdf Graphic file (type pdf)
<use _book/Copywriting-360°.pdf, page 5>
Package pdftex.def Info: _book/Copywriting-360°.pdf , page5 used on input line
 14.
(pdftex.def)             Requested size: 597.51086pt x 845.04504pt.
[5

 <./_book/Copywriting-360°.pdf>]
<_book/Copywriting-360°.pdf, id=63, page=6, 597.51233pt x 845.0471pt>
File: _book/Copywriting-360°.pdf Graphic file (type pdf)
<use _book/Copywriting-360°.pdf, page 6>
Package pdftex.def Info: _book/Copywriting-360°.pdf , page6 used on input line
 14.
(pdftex.def)             Requested size: 597.51086pt x 845.04504pt.
File: _book/Copywriting-360°.pdf Graphic file (type pdf)
<use _book/Copywriting-360°.pdf, page 6>
Package pdftex.def Info: _book/Copywriting-360°.pdf , page6 used on input line
 14.
(pdftex.def)             Requested size: 597.51086pt x 845.04504pt.


File: _book/Copywriting-360°.pdf Graphic file (type pdf)
<use _book/Copywriting-360°.pdf, page 6>
Package pdftex.def Info: _book/Copywriting-360°.pdf , page6 used on input line
 14.
(pdftex.def)             Requested size: 597.51086pt x 845.04504pt.
[6

 <./_book/Copywriting-360°.pdf>]
<_book/Copywriting-360°.pdf, id=67, page=7, 597.51233pt x 845.0471pt>
File: _book/Copywriting-360°.pdf Graphic file (type pdf)
<use _book/Copywriting-360°.pdf, page 7>
Package pdftex.def Info: _book/Copywriting-360°.pdf , page7 used on input line
 14.
(pdftex.def)             Requested size: 597.51086pt x 845.04504pt.
File: _book/Copywriting-360°.pdf Graphic file (type pdf)
<use _book/Copywriting-360°.pdf, page 7>
Package pdftex.def Info: _book/Copywriting-360°.pdf , page7 used on input line
 14.
(pdftex.def)             Requested size: 597.51086pt x 845.04504pt.


File: _book/Copywriting-360°.pdf Graphic file (type pdf)
<use _book/Copywriting-360°.pdf, page 7>
Package pdftex.def Info: _book/Copywriting-360°.pdf , page7 used on input line
 14.
(pdftex.def)             Requested size: 597.51086pt x 845.04504pt.
[7

 <./_book/Copywriting-360°.pdf>]
<_book/Copywriting-360°.pdf, id=79, page=8, 597.51233pt x 845.0471pt>
File: _book/Copywriting-360°.pdf Graphic file (type pdf)
<use _book/Copywriting-360°.pdf, page 8>
Package pdftex.def Info: _book/Copywriting-360°.pdf , page8 used on input line
 14.
(pdftex.def)             Requested size: 597.51086pt x 845.04504pt.
File: _book/Copywriting-360°.pdf Graphic file (type pdf)
<use _book/Copywriting-360°.pdf, page 8>
Package pdftex.def Info: _book/Copywriting-360°.pdf , page8 used on input line
 14.
(pdftex.def)             Requested size: 597.51086pt x 845.04504pt.


File: _book/Copywriting-360°.pdf Graphic file (type pdf)
<use _book/Copywriting-360°.pdf, page 8>
Package pdftex.def Info: _book/Copywriting-360°.pdf , page8 used on input line
 14.
(pdftex.def)             Requested size: 597.51086pt x 845.04504pt.
[8

 <./_book/Copywriting-360°.pdf>]
<_book/Copywriting-360°.pdf, id=83, page=9, 597.51233pt x 845.0471pt>
File: _book/Copywriting-360°.pdf Graphic file (type pdf)
<use _book/Copywriting-360°.pdf, page 9>
Package pdftex.def Info: _book/Copywriting-360°.pdf , page9 used on input line
 14.
(pdftex.def)             Requested size: 597.51086pt x 845.04504pt.
File: _book/Copywriting-360°.pdf Graphic file (type pdf)
<use _book/Copywriting-360°.pdf, page 9>
Package pdftex.def Info: _book/Copywriting-360°.pdf , page9 used on input line
 14.
(pdftex.def)             Requested size: 597.51086pt x 845.04504pt.


File: _book/Copywriting-360°.pdf Graphic file (type pdf)
<use _book/Copywriting-360°.pdf, page 9>
Package pdftex.def Info: _book/Copywriting-360°.pdf , page9 used on input line
 14.
(pdftex.def)             Requested size: 597.51086pt x 845.04504pt.
[9

 <./_book/Copywriting-360°.pdf>]
<_book/Copywriting-360°.pdf, id=87, page=10, 597.51233pt x 845.0471pt>
File: _book/Copywriting-360°.pdf Graphic file (type pdf)
<use _book/Copywriting-360°.pdf, page 10>
Package pdftex.def Info: _book/Copywriting-360°.pdf , page10 used on input lin
e 14.
(pdftex.def)             Requested size: 597.51086pt x 845.04504pt.
File: _book/Copywriting-360°.pdf Graphic file (type pdf)
<use _book/Copywriting-360°.pdf, page 10>
Package pdftex.def Info: _book/Copywriting-360°.pdf , page10 used on input lin
e 14.
(pdftex.def)             Requested size: 597.51086pt x 845.04504pt.


File: _book/Copywriting-360°.pdf Graphic file (type pdf)
<use _book/Copywriting-360°.pdf, page 10>
Package pdftex.def Info: _book/Copywriting-360°.pdf , page10 used on input lin
e 14.
(pdftex.def)             Requested size: 597.51086pt x 845.04504pt.
[10

 <./_book/Copywriting-360°.pdf>]
<_book/Copywriting-360°.pdf, id=91, page=11, 597.51233pt x 845.0471pt>
File: _book/Copywriting-360°.pdf Graphic file (type pdf)
<use _book/Copywriting-360°.pdf, page 11>
Package pdftex.def Info: _book/Copywriting-360°.pdf , page11 used on input lin
e 14.
(pdftex.def)             Requested size: 597.51086pt x 845.04504pt.
File: _book/Copywriting-360°.pdf Graphic file (type pdf)
<use _book/Copywriting-360°.pdf, page 11>
Package pdftex.def Info: _book/Copywriting-360°.pdf , page11 used on input lin
e 14.
(pdftex.def)             Requested size: 597.51086pt x 845.04504pt.


File: _book/Copywriting-360°.pdf Graphic file (type pdf)
<use _book/Copywriting-360°.pdf, page 11>
Package pdftex.def Info: _book/Copywriting-360°.pdf , page11 used on input lin
e 14.
(pdftex.def)             Requested size: 597.51086pt x 845.04504pt.
[11

 <./_book/Copywriting-360°.pdf>]
<_book/Copywriting-360°.pdf, id=95, page=12, 597.51233pt x 845.0471pt>
File: _book/Copywriting-360°.pdf Graphic file (type pdf)
<use _book/Copywriting-360°.pdf, page 12>
Package pdftex.def Info: _book/Copywriting-360°.pdf , page12 used on input lin
e 14.
(pdftex.def)             Requested size: 597.51086pt x 845.04504pt.
File: _book/Copywriting-360°.pdf Graphic file (type pdf)
<use _book/Copywriting-360°.pdf, page 12>
Package pdftex.def Info: _book/Copywriting-360°.pdf , page12 used on input lin
e 14.
(pdftex.def)             Requested size: 597.51086pt x 845.04504pt.


File: _book/Copywriting-360°.pdf Graphic file (type pdf)
<use _book/Copywriting-360°.pdf, page 12>
Package pdftex.def Info: _book/Copywriting-360°.pdf , page12 used on input lin
e 14.
(pdftex.def)             Requested size: 597.51086pt x 845.04504pt.
[12

 <./_book/Copywriting-360°.pdf>]
<_book/Copywriting-360°.pdf, id=99, page=13, 597.51233pt x 845.0471pt>
File: _book/Copywriting-360°.pdf Graphic file (type pdf)
<use _book/Copywriting-360°.pdf, page 13>
Package pdftex.def Info: _book/Copywriting-360°.pdf , page13 used on input lin
e 14.
(pdftex.def)             Requested size: 597.51086pt x 845.04504pt.
File: _book/Copywriting-360°.pdf Graphic file (type pdf)
<use _book/Copywriting-360°.pdf, page 13>
Package pdftex.def Info: _book/Copywriting-360°.pdf , page13 used on input lin
e 14.
(pdftex.def)             Requested size: 597.51086pt x 845.04504pt.


File: _book/Copywriting-360°.pdf Graphic file (type pdf)
<use _book/Copywriting-360°.pdf, page 13>
Package pdftex.def Info: _book/Copywriting-360°.pdf , page13 used on input lin
e 14.
(pdftex.def)             Requested size: 597.51086pt x 845.04504pt.
[13

 <./_book/Copywriting-360°.pdf>]
<_book/Copywriting-360°.pdf, id=104, page=14, 597.51233pt x 845.0471pt>
File: _book/Copywriting-360°.pdf Graphic file (type pdf)
<use _book/Copywriting-360°.pdf, page 14>
Package pdftex.def Info: _book/Copywriting-360°.pdf , page14 used on input lin
e 14.
(pdftex.def)             Requested size: 597.51086pt x 845.04504pt.
File: _book/Copywriting-360°.pdf Graphic file (type pdf)
<use _book/Copywriting-360°.pdf, page 14>
Package pdftex.def Info: _book/Copywriting-360°.pdf , page14 used on input lin
e 14.
(pdftex.def)             Requested size: 597.51086pt x 845.04504pt.


File: _book/Copywriting-360°.pdf Graphic file (type pdf)
<use _book/Copywriting-360°.pdf, page 14>
Package pdftex.def Info: _book/Copywriting-360°.pdf , page14 used on input lin
e 14.
(pdftex.def)             Requested size: 597.51086pt x 845.04504pt.
[14

 <./_book/Copywriting-360°.pdf>]
<_book/Copywriting-360°.pdf, id=108, page=15, 597.51233pt x 845.0471pt>
File: _book/Copywriting-360°.pdf Graphic file (type pdf)
<use _book/Copywriting-360°.pdf, page 15>
Package pdftex.def Info: _book/Copywriting-360°.pdf , page15 used on input lin
e 14.
(pdftex.def)             Requested size: 597.51086pt x 845.04504pt.
File: _book/Copywriting-360°.pdf Graphic file (type pdf)
<use _book/Copywriting-360°.pdf, page 15>
Package pdftex.def Info: _book/Copywriting-360°.pdf , page15 used on input lin
e 14.
(pdftex.def)             Requested size: 597.51086pt x 845.04504pt.


File: _book/Copywriting-360°.pdf Graphic file (type pdf)
<use _book/Copywriting-360°.pdf, page 15>
Package pdftex.def Info: _book/Copywriting-360°.pdf , page15 used on input lin
e 14.
(pdftex.def)             Requested size: 597.51086pt x 845.04504pt.
[15

 <./_book/Copywriting-360°.pdf>]
<_book/Copywriting-360°.pdf, id=112, page=16, 597.51233pt x 845.0471pt>
File: _book/Copywriting-360°.pdf Graphic file (type pdf)
<use _book/Copywriting-360°.pdf, page 16>
Package pdftex.def Info: _book/Copywriting-360°.pdf , page16 used on input lin
e 14.
(pdftex.def)             Requested size: 597.51086pt x 845.04504pt.
File: _book/Copywriting-360°.pdf Graphic file (type pdf)
<use _book/Copywriting-360°.pdf, page 16>
Package pdftex.def Info: _book/Copywriting-360°.pdf , page16 used on input lin
e 14.
(pdftex.def)             Requested size: 597.51086pt x 845.04504pt.


File: _book/Copywriting-360°.pdf Graphic file (type pdf)
<use _book/Copywriting-360°.pdf, page 16>
Package pdftex.def Info: _book/Copywriting-360°.pdf , page16 used on input lin
e 14.
(pdftex.def)             Requested size: 597.51086pt x 845.04504pt.
[16

 <./_book/Copywriting-360°.pdf>]
<_book/Copywriting-360°.pdf, id=116, page=17, 597.51233pt x 845.0471pt>
File: _book/Copywriting-360°.pdf Graphic file (type pdf)
<use _book/Copywriting-360°.pdf, page 17>
Package pdftex.def Info: _book/Copywriting-360°.pdf , page17 used on input lin
e 14.
(pdftex.def)             Requested size: 597.51086pt x 845.04504pt.
File: _book/Copywriting-360°.pdf Graphic file (type pdf)
<use _book/Copywriting-360°.pdf, page 17>
Package pdftex.def Info: _book/Copywriting-360°.pdf , page17 used on input lin
e 14.
(pdftex.def)             Requested size: 597.51086pt x 845.04504pt.


File: _book/Copywriting-360°.pdf Graphic file (type pdf)
<use _book/Copywriting-360°.pdf, page 17>
Package pdftex.def Info: _book/Copywriting-360°.pdf , page17 used on input lin
e 14.
(pdftex.def)             Requested size: 597.51086pt x 845.04504pt.
[17

 <./_book/Copywriting-360°.pdf>]
<_book/Copywriting-360°.pdf, id=127, page=18, 597.51233pt x 845.0471pt>
File: _book/Copywriting-360°.pdf Graphic file (type pdf)
<use _book/Copywriting-360°.pdf, page 18>
Package pdftex.def Info: _book/Copywriting-360°.pdf , page18 used on input lin
e 14.
(pdftex.def)             Requested size: 597.51086pt x 845.04504pt.
File: _book/Copywriting-360°.pdf Graphic file (type pdf)
<use _book/Copywriting-360°.pdf, page 18>
Package pdftex.def Info: _book/Copywriting-360°.pdf , page18 used on input lin
e 14.
(pdftex.def)             Requested size: 597.51086pt x 845.04504pt.


File: _book/Copywriting-360°.pdf Graphic file (type pdf)
<use _book/Copywriting-360°.pdf, page 18>
Package pdftex.def Info: _book/Copywriting-360°.pdf , page18 used on input lin
e 14.
(pdftex.def)             Requested size: 597.51086pt x 845.04504pt.
[18

 <./_book/Copywriting-360°.pdf>] (wyciag.aux)
 ***********
LaTeX2e <2024-06-01> patch level 2
L3 programming layer <2024-08-30>
 ***********
 ) 
Here is how much of TeX's memory you used:
 3586 strings out of 473899
 59191 string characters out of 5726501
 457248 words of memory out of 5000000
 26453 multiletter control sequences out of 15000+600000
 558369 words of font info for 37 fonts, out of 8000000 for 9000
 1141 hyphenation exceptions out of 8191
 72i,17n,79p,225b,438s stack positions out of 10000i,1000n,20000p,200000b,200000s

Output written on wyciag.pdf (18 pages, 130762 bytes).
PDF statistics:
 133 PDF objects out of 1000 (max. 8388607)
 0 named destinations out of 1000 (max. 500000)
 101 words of extra memory for PDF output out of 10000 (max. 10000000)

